// Vitest Snapshot v1, https://vitest.dev/guide/snapshot.html

exports[`IconImage > given configured with dependencies > IconImage component > matches the snapshot 1`] = `
<div>
  <div>
    <a
      class="skill-card"
      href="http://some-cert-url"
      rel="noopener noreferrer"
      skill-tool-tip-msg="click-for-certificate"
      target="_blank"
    >
      <img
        alt="some-logo"
        class="skill-logo object-contain some-extra-style"
        data-nimg="1"
        decoding="async"
        height="600"
        loading="lazy"
        src="/_next/image?url=http%3A%2F%2Fsome-image-url&w=1200&q=75"
        srcset="/_next/image?url=http%3A%2F%2Fsome-image-url&w=640&q=75 1x, /_next/image?url=http%3A%2F%2Fsome-image-url&w=1200&q=75 2x"
        style="color: transparent;"
        width="600"
      />
      <p
        class="skill-text some-dark-theme-colour"
      >
        some-name
      </p>
    </a>
  </div>
</div>
`;
