// Vitest Snapshot v1, https://vitest.dev/guide/snapshot.html

exports[`Health Page > given configured with dependencies > Health Page component > matches the snapshot 1`] = `
<div>
  <div
    class="page-layout"
  >
    <div
      class="flex justify-center w-full py-8"
    >
      <div
        class="sticky-header rounded-t-xl"
      >
        ok
      </div>
    </div>
  </div>
</div>
`;
