// Vitest Snapshot v1, https://vitest.dev/guide/snapshot.html

exports[`DesktopView > DesktopView component > matches the snapshot 1`] = `
<div>
  <div
    class="hidden md:block"
  >
    <div
      class="flex justify-end items-center space-x-2"
    >
      <svg
        aria-hidden="true"
        class="h-6 w-6 transition duration-500 dark:text-gray-300"
        data-slot="icon"
        fill="currentColor"
        viewBox="0 0 20 20"
        xmlns="http://www.w3.org/2000/svg"
      >
        <path
          d="M10 2a.75.75 0 0 1 .75.75v1.5a.75.75 0 0 1-1.5 0v-1.5A.75.75 0 0 1 10 2ZM10 15a.75.75 0 0 1 .75.75v1.5a.75.75 0 0 1-1.5 0v-1.5A.75.75 0 0 1 10 15ZM10 7a3 3 0 1 0 0 6 3 3 0 0 0 0-6ZM15.657 5.404a.75.75 0 1 0-1.06-1.06l-1.061 1.06a.75.75 0 0 0 1.06 1.06l1.06-1.06ZM6.464 14.596a.75.75 0 1 0-1.06-1.06l-1.06 1.06a.75.75 0 0 0 1.06 1.06l1.06-1.06ZM18 10a.75.75 0 0 1-.75.75h-1.5a.75.75 0 0 1 0-1.5h1.5A.75.75 0 0 1 18 10ZM5 10a.75.75 0 0 1-.75.75h-1.5a.75.75 0 0 1 0-1.5h1.5A.75.75 0 0 1 5 10ZM14.596 15.657a.75.75 0 0 0 1.06-1.06l-1.06-1.061a.75.75 0 1 0-1.06 1.06l1.06 1.06ZM5.404 6.464a.75.75 0 0 0 1.06-1.06l-1.06-1.06a.75.75 0 1 0-1.061 1.06l1.06 1.06Z"
        />
      </svg>
      <div>
        <input
          class="hidden"
          id="toggle"
          name=""
          type="checkbox"
        />
        <span
          class="w-9 h-5 flex items-center shadow-lg bg-gray-300 dark:bg-gray-300 rounded-full p-1 cursor-pointer"
        >
          <div
            class="w-4 h-4 bg-blue-800 rounded-full shadow-md transition duration-100 dark:transform dark:translate-x-3"
          />
        </span>
      </div>
      <svg
        aria-hidden="true"
        class="h-5 w-5 transition duration-500 dark:text-gray-300 "
        data-slot="icon"
        fill="currentColor"
        viewBox="0 0 20 20"
        xmlns="http://www.w3.org/2000/svg"
      >
        <path
          clip-rule="evenodd"
          d="M7.455 2.004a.75.75 0 0 1 .26.77 7 7 0 0 0 9.958 7.967.75.75 0 0 1 1.067.853A8.5 8.5 0 1 1 6.647 1.921a.75.75 0 0 1 .808.083Z"
          fill-rule="evenodd"
        />
      </svg>
    </div>
  </div>
</div>
`;
