// Vitest Snapshot v1, https://vitest.dev/guide/snapshot.html

exports[`Experience > given configured with dependencies > WorkingCompany component > matches the snapshot 1`] = `
<div>
  <div
    class="experience-card"
  >
    <div
      class="flex flex-col"
    >
      <div
        class="flex flex-col"
      >
        <h1
          class="experience-card-title"
        >
          some-company
        </h1>
        <div
          class="experience-card-period"
        >
          some-period
        </div>
      </div>
      <div
        class="experience-card-position"
      >
        some-position
      </div>
    </div>
    <div
      class="experience-card-responsibilities"
    >
      <ul
        class="list-disc list-inside space-y-1"
      >
        <li
          class="text-gray-700 dark:text-gray-400"
        >
          some-resp
        </li>
      </ul>
    </div>
  </div>
</div>
`;
