// Vitest Snapshot v1, https://vitest.dev/guide/snapshot.html

exports[`Presentation Page > given configured with dependencies > Presentation Page component > matches the snapshot 1`] = `
<div>
  <div
    class="page-layout bg-gray-200 dark:bg-gray-900 transition duration-500"
  >
    <div
      class="flex justify-center w-full py-8"
    >
      <h1
        class="sticky-header rounded-t-xl"
      >
        who
      </h1>
    </div>
    <div
      class="flex justify-center p-3 md:p-10"
    >
      <div
        class="flex flex-col items-center sm:flex-row justify-center w-full sm:w-11/12 lg:w-2/3 bg-gray-600 dark:bg-gray-900 transition duration-500 bg-opacity-70 dark:bg-opacity-70 rounded-xl p-4"
      >
        <img
          alt="Profile of Francisco Zavala Gonzalez"
          class="h-96 sm:h-80 md:h-96 lg:w-80 border-0 rounded-lg shadow-lg transition duration-500 object-cover"
          data-nimg="1"
          decoding="async"
          height="1024"
          loading="lazy"
          src="/_next/image?url=https%3A%2F%2Fres.cloudinary.com%2Fdbn5gpgi5%2Fimage%2Fupload%2Fq_auto%2Fv1653152856%2FCV%2520Pics%2Fidyfixrp3nzidjjezeuc.jpg&w=2048&q=75"
          srcset="/_next/image?url=https%3A%2F%2Fres.cloudinary.com%2Fdbn5gpgi5%2Fimage%2Fupload%2Fq_auto%2Fv1653152856%2FCV%2520Pics%2Fidyfixrp3nzidjjezeuc.jpg&w=1080&q=75 1x, /_next/image?url=https%3A%2F%2Fres.cloudinary.com%2Fdbn5gpgi5%2Fimage%2Fupload%2Fq_auto%2Fv1653152856%2FCV%2520Pics%2Fidyfixrp3nzidjjezeuc.jpg&w=2048&q=75 2x"
          style="color: transparent;"
          width="1024"
        />
        <div
          class="p-4 md:p-6 w-full lg:w-3/4 text-left lg:text-left xl:text-left"
        >
          <h1
            class="text-3xl text-black dark:text-gray-300 transition duration-500 mb-2 font-extrabold"
          >
            line0
            <span
              class="text-blue-800 dark:text-blue-300 ml-2"
            >
              FRANCISCO ZAVALA
            </span>
          </h1>
          <p
            class="text-xl text-black dark:text-gray-300 transition duration-500 mb-4"
          >
            ðŸ’» Fullstack Developer (Node.js â€¢ React â€¢ TypeScript) | with DevOps & Cloud Experience (GCP â€¢ Kubernetes â€¢ CI/CD)
          </p>
          <p
            class="text-lg text-black dark:text-gray-300 transition duration-500 mb-2 leading-relaxed"
          >
            line1
          </p>
          <p
            class="text-lg text-black dark:text-gray-300 transition duration-500 leading-relaxed"
          >
            line2
          </p>
        </div>
      </div>
    </div>
    <div
      class="flex justify-center w-full py-8"
    >
      <h1
        class="sticky-header"
      >
        education
      </h1>
    </div>
    <div
      class="flex flex-col items-center p-4 md:py-10 lg:py-20"
    >
      <div
        class="flex flex-col items-center bg-gray-600 dark:bg-gray-900 w-full sm:w-11/12 lg:w-2/3 transition duration-500 rounded-xl bg-opacity-70 p-4"
      >
        <div
          class="education-card"
        >
          <h1
            class="education-card-title"
          >
            <a
              class="education-link"
              href="https://devopswithkubernetes.com/"
              rel="noopener noreferrer"
              target="_blank"
            >
              line12
            </a>
          </h1>
          <p
            class="education-card-description"
          >
            line11
          </p>
        </div>
        <div
          class="education-card"
        >
          <h1
            class="education-card-title"
          >
            <a
              class="education-link"
              href="https://devopswithdocker.com/"
              rel="noopener noreferrer"
              target="_blank"
            >
              line10
            </a>
          </h1>
          <p
            class="education-card-description"
          >
            line9
          </p>
        </div>
        <div
          class="education-card"
        >
          <h1
            class="education-card-title"
          >
            <a
              class="education-link"
              href="https://fullstackopen.com/en/"
              rel="noopener noreferrer"
              target="_blank"
            >
              line8
            </a>
          </h1>
          <p
            class="education-card-description"
          >
            line7
          </p>
        </div>
        <div
          class="education-card"
        >
          <h1
            class="education-card-title"
          >
            line6
          </h1>
          <p
            class="education-card-description"
          >
            line5
          </p>
          <a
            class="education-link-secondary"
            education-tool-tip-msg="tool-tip-msg"
            href="https://www.aalto.fi/en/school-of-electrical-engineering"
            rel="noopener noreferrer"
            target="_blank"
          >
            line4
          </a>
        </div>
        <div
          class="education-card"
        >
          <h1
            class="education-card-title"
          >
            line3
          </h1>
          <p
            class="education-card-description"
          >
            line2
          </p>
          <a
            class="education-link-secondary"
            education-tool-tip-msg="tool-tip-msg"
            href="http://www.upct.es"
            rel="noopener noreferrer"
            target="_blank"
          >
            line1
          </a>
        </div>
      </div>
    </div>
  </div>
</div>
`;
